// Jest Snapshot v1, https://goo.gl/fbAQLP

exports[`recommendation panel renders connector card 1`] = `
<button
  className="msla-connector-card"
  onClick={[Function]}
>
  <div>
    <div
      className="msla-card-title-container"
    >
      <Memo(Image)
        alt="logo for Dropbox"
        className="msla-card-logo"
        imageFit={1}
        src="https://tip1icons.azureedge.net/dropbox.png"
      />
    </div>
    <div
      className="msla-card-title-container"
    >
      <Text
        className="msla-card-title"
      >
        Dropbox
      </Text>
    </div>
  </div>
</button>
`;
