// Jest Snapshot v1, https://goo.gl/fbAQLP

exports[`ui/dialogs/_confirm should render 1`] = `
<Dialog
  dialogContentProps={
    {
      "title": "Title",
    }
  }
  hidden={false}
  modalProps={
    {
      "firstFocusableSelector": "dialog-ok-button",
      "isBlocking": true,
    }
  }
  onDismiss={[MockFunction]}
>
  Message
  <StyledDialogFooterBase>
    <CustomizedPrimaryButton
      className="dialog-ok-button"
      onClick={[MockFunction]}
    >
      OK
    </CustomizedPrimaryButton>
    <CustomizedDefaultButton
      onClick={[MockFunction]}
    >
      Cancel
    </CustomizedDefaultButton>
  </StyledDialogFooterBase>
</Dialog>
`;
