// Vitest Snapshot v1, https://vitest.dev/guide/snapshot.html

exports[`ui/workflowparameters/workflowparameter > should construct. 1`] = `
<div
  className="msla-workflow-parameter"
>
  <div>
    <div>
      <CustomizedCommandBarButton
        className="msla-workflow-parameter-heading-button"
        data-testid="-parameter-heading-button"
        iconProps={
          {
            "iconName": "ChevronRightMed",
            "styles": {
              "root": {
                "color": "#514f4e",
                "fontSize": 14,
              },
            },
          }
        }
        onClick={[Function]}
        styles={
          {
            "label": {
              "fontWeight": 600,
            },
          }
        }
        text="New parameter"
      />
    </div>
  </div>
  <div
    className="msla-workflow-parameter-edit-or-delete-button"
  >
    <EditOrDeleteButton
      definition={
        {
          "id": "id",
          "name": "",
          "type": "Array",
        }
      }
      setExpanded={[Function]}
      setIsEditable={[Function]}
    />
  </div>
</div>
`;
