// Jest Snapshot v1, https://goo.gl/fbAQLP

exports[`ui/panel/panelheadercomment should construct. 1`] = `
<div
  className="msla-panel-comment-container"
  hidden={false}
>
  <CompoundIcon
    aria-label="Comment"
    className="msla-comment-icon"
  />
  <StyledTextFieldBase
    ariaLabel="Comment"
    autoAdjustHeight={true}
    borderless={true}
    className="msla-card-comment"
    componentRef={
      {
        "current": null,
      }
    }
    maxLength={256}
    multiline={true}
    onBlur={[Function]}
    onChange={[Function]}
    onFocus={[Function]}
    onKeyDown={[Function]}
    onKeyUp={[Function]}
    resizable={false}
    styles={
      {
        "field": {
          "backgroundColor": "#faf9f8",
        },
      }
    }
    value=""
  />
</div>
`;
