// Jest Snapshot v1, https://goo.gl/fbAQLP

exports[`recommendation panel matches snapshot 1`] = `
<StyledPanelBase
  hasCloseButton={false}
  isLightDismiss={true}
  isOpen={true}
  layerProps={
    Object {
      "styles": Object {
        "root": Object {
          "zIndex": 999998,
        },
      },
    }
  }
  onDismiss={[MockFunction]}
  overlayProps={
    Object {
      "isDarkThemed": false,
    }
  }
  type={3}
/>
`;
