// Jest Snapshot v1, https://goo.gl/fbAQLP

exports[`recommendation panel renders operation card 1`] = `
<div
  className="msla-operation-card"
>
  <div>
    <div
      className="msla-card-title-container"
    >
      <Memo(Image)
        alt="logo for Azure Blob"
        className="msla-card-logo"
        imageFit={1}
        src="https://connectoricons-prod.azureedge.net/releases/v1.0.1443/1.0.1443.2341/azureblob/icon.png"
      />
    </div>
    <div
      className="msla-card-title-container"
    >
      <Text
        className="msla-card-title"
      >
        Checks if Blob exists in Azure Storage
      </Text>
      <button
        onClick={[Function]}
      >
        Select
      </button>
    </div>
  </div>
  <Text
    className="msla-card-description"
  >
    Checks if Blob exists in Azure Storage
  </Text>
  <div
    className="msla-tag-container"
  >
    <Text
      className="msla-tag"
    >
      Azure Blob
    </Text>
    <Text
      className="msla-tag"
    >
      Trigger
    </Text>
    <Text
      className="msla-tag"
    />
  </div>
</div>
`;
