// Vitest Snapshot v1, https://vitest.dev/guide/snapshot.html

exports[`ui/settings/settingtoggle > should construct 1`] = `
<React.Fragment>
  <StyledToggleBase
    checked={false}
    className="msla-setting-section-toggle"
    disabled={false}
    offText="Off"
    onText="On"
  />
</React.Fragment>
`;
