// Jest Snapshot v1, https://goo.gl/fbAQLP

exports[`ui/workflowparameters/workflowparameters should construct. 1`] = `
<div
  className="msla-workflow-parameters"
>
  <div
    className="msla-flex-row"
  >
    <h3
      className="msla-workflow-parameters-create"
    >
      Parameters
    </h3>
    <CustomizedIconButton
      className="msla-workflow-parameters-close"
      iconProps={
        Object {
          "iconName": "Cancel",
        }
      }
      onClick={[Function]}
    />
  </div>
  <InfoBar
    isInverted={false}
  />
  <div
    className="msla-workflow-parameters-add"
  >
    <CustomizedCommandBarButton
      className="msla-workflow-parameters-create-button"
      iconProps={
        Object {
          "iconName": "Add",
        }
      }
      onClick={[Function]}
      text="Create parameter"
    />
  </div>
  <List
    items={
      Array [
        Object {
          "id": "test1",
          "isEditable": true,
          "name": "test",
          "type": "Bool",
          "value": "true",
        },
        Object {
          "id": "test2",
          "isEditable": false,
          "name": "test2",
          "type": "Object",
          "value": "{}",
        },
      ]
    }
    onRenderCell={[Function]}
    renderedWindowsAhead={2}
    renderedWindowsBehind={2}
    startIndex={0}
  />
</div>
`;
