// Vitest Snapshot v1, https://vitest.dev/guide/snapshot.html

exports[`ui/monitoring/values/value > should not render when not visible 1`] = `null`;

exports[`ui/monitoring/values/value > should render a HTML value 1`] = `
<section
  className="msla-trace-value-label"
>
  <label
    className="msla-trace-value-display-name"
    id="msla-html0"
  >
    date/time
  </label>
  <div
    aria-labelledby="msla-html0"
    className="msla-trace-value-text msla-trace-value-html-table"
  >
    <table
      dangerouslySetInnerHTML={
        {
          "__html": "<table><tbody><tr><td>1</td></tr></tbody></table>",
        }
      }
      tabIndex={0}
    />
  </div>
</section>
`;
